---
source: crates/rolldown_testing/src/integration_test.rs
expression: snapshot
input_file: crates/rolldown/tests/fixtures/function/export_mode/iife/auto/none
---
# Assets

## main.mjs

```js
var MyLibrary = (function() {


  //#region main.js
  console.log("none");
  //#endregion
})();
```
