---
source: crates/rolldown_testing/src/integration_test.rs
expression: snapshot
input_file: crates/rolldown/tests/esbuild/dce/tree_shaking_no_bundle_iife
---
# Assets

## entry_js.mjs

```js
(function() {


  //#region entry.js
  function keep() {}
  keep();
  //#endregion
})();
```
