---
source: crates/rolldown_testing/src/integration_test.rs
expression: snapshot
input_file: crates/rolldown/tests/fixtures/function/intro/iife
---
# Assets

## main.mjs

```js
(function() {

  "use strict";
  // intro

  //#region main.js
  var main_default = "banner";
  //#endregion
  return main_default;
})();
```
