---
source: crates/rolldown_testing/src/integration_test.rs
expression: snapshot
input_file: crates/rolldown/tests/fixtures/function/export_mode/iife/default
---
# Assets

## main.mjs

```js
(function() {

  "use strict";

  
  //#region mod.js
  var default_mod_ns = {};
  __export(default_mod_ns, {
  	add: () => add,
  	subtract: () => subtract
  });
  function add(a, b) {
  	return a + b;
  }
  function subtract(a, b) {
  	return a - b;
  }
  //#endregion
  return default_mod_ns;
})();
```
